// Jest Snapshot v1, https://goo.gl/fbAQLP

exports[`Pruebas en <PrimeraApp/> debe de mostrar <PrimeraApp /> correctament 1`] = `
<Fragment>
  <h1>
     
    Hola, soy Nuria
     
  </h1>
  <p>
    Soy el subtitulo
  </p>
</Fragment>
`;
